2026-08-30 13:33:28,003 - INFO - Starting DeepLabV3 Fine-tuning on cuda
2026-08-30 13:33:28,003 - INFO - Loading dataset splits...
2026-08-30 15:28:03,699 - INFO - Starting DeepLabV3 Fine-tuning on cuda
2026-08-30 15:28:03,700 - INFO - Loading dataset splits...
2026-08-30 16:52:57,947 - INFO - Starting DeepLabV3 Fine-tuning on cuda
2026-08-30 16:52:57,948 - INFO - Loading dataset splits...
2026-08-30 16:53:36,593 - INFO - Starting DeepLabV3 Fine-tuning on cuda
2026-08-30 16:53:36,593 - INFO - Loading dataset splits...
2026-08-30 17:34:50,084 - INFO - Epoch 1/15 - Avg Train Loss: 0.9222
2026-08-30 17:41:20,772 - INFO - Epoch 1/15 - Avg Val Loss: 1.2934
2026-08-30 17:41:20,990 - INFO - Saved new best model with Val Loss: 1.2934
2026-08-30 18:22:24,434 - INFO - Epoch 2/15 - Avg Train Loss: 0.6504
2026-08-30 18:28:54,429 - INFO - Epoch 2/15 - Avg Val Loss: 1.1389
2026-08-30 18:28:54,906 - INFO - Saved new best model with Val Loss: 1.1389
2026-08-30 19:09:56,476 - INFO - Epoch 3/15 - Avg Train Loss: 0.5633
2026-08-30 19:16:26,332 - INFO - Epoch 3/15 - Avg Val Loss: 1.2374
2026-08-30 19:57:25,590 - INFO - Epoch 4/15 - Avg Train Loss: 0.5051
2026-08-30 20:03:55,013 - INFO - Epoch 4/15 - Avg Val Loss: 1.2517
2026-08-30 20:44:53,707 - INFO - Epoch 5/15 - Avg Train Loss: 0.4582
2026-08-30 20:51:23,174 - INFO - Epoch 5/15 - Avg Val Loss: 1.3267
2026-08-30 21:32:20,973 - INFO - Epoch 6/15 - Avg Train Loss: 0.4195
2026-08-30 21:38:50,109 - INFO - Epoch 6/15 - Avg Val Loss: 1.3327
2026-08-30 22:19:46,626 - INFO - Epoch 7/15 - Avg Train Loss: 0.3841
2026-08-30 22:26:15,689 - INFO - Epoch 7/15 - Avg Val Loss: 1.4452
2026-08-30 23:07:12,486 - INFO - Epoch 8/15 - Avg Train Loss: 0.3537
2026-08-30 23:13:41,737 - INFO - Epoch 8/15 - Avg Val Loss: 1.4009
2026-08-30 23:54:38,044 - INFO - Epoch 9/15 - Avg Train Loss: 0.3241
2026-08-31 00:01:06,694 - INFO - Epoch 9/15 - Avg Val Loss: 1.5520
2026-08-31 00:42:01,893 - INFO - Epoch 10/15 - Avg Train Loss: 0.2979
2026-08-31 00:48:30,749 - INFO - Epoch 10/15 - Avg Val Loss: 1.5097
2026-08-31 01:29:26,015 - INFO - Epoch 11/15 - Avg Train Loss: 0.2732
2026-08-31 01:35:54,852 - INFO - Epoch 11/15 - Avg Val Loss: 1.6513
2026-08-31 02:16:49,727 - INFO - Epoch 12/15 - Avg Train Loss: 0.2526
2026-08-31 02:23:18,733 - INFO - Epoch 12/15 - Avg Val Loss: 1.7989
2026-08-31 03:04:13,338 - INFO - Epoch 13/15 - Avg Train Loss: 0.2330
2026-08-31 03:10:42,128 - INFO - Epoch 13/15 - Avg Val Loss: 1.8297
2026-08-31 03:51:36,715 - INFO - Epoch 14/15 - Avg Train Loss: 0.2158
2026-08-31 03:58:05,498 - INFO - Epoch 14/15 - Avg Val Loss: 1.9187
2026-08-31 04:39:00,308 - INFO - Epoch 15/15 - Avg Train Loss: 0.2007
2026-08-31 04:45:29,390 - INFO - Epoch 15/15 - Avg Val Loss: 1.8927
2026-08-31 04:45:29,390 - INFO - Training complete. Best model saved to deeplabv3_finetuned.pth
